<testsuites id="" name="" tests="4" failures="0" skipped="0" errors="0" time="17.420401000000002">
<testsuite name="login.spec.ts" timestamp="2025-11-13T07:04:39.045Z" hostname="chromium" tests="4" failures="0" skipped="0" time="56.397" errors="0">
<testcase name="@login Login scenarios › empty username" classname="login.spec.ts" time="13.234">
</testcase>
<testcase name="@login Login scenarios › empty password" classname="login.spec.ts" time="13.286">
</testcase>
<testcase name="@login Login scenarios › invalid credentials" classname="login.spec.ts" time="12.919">
</testcase>
<testcase name="@login Login scenarios › locked out user" classname="login.spec.ts" time="16.958">
</testcase>
</testsuite>
</testsuites>